%!Adobe-FontList 1.14
%Locale:0x409

%BeginFont
Handler:DirectoryHandler
FontType:TrueType
FontName:Arial-BoldMT
FamilyName:Arial
StyleName:Bold
MenuName:Arial
StyleBits:2
WeightClass:700
WidthClass:5
AngleClass:0
FullName:Arial Bold
WritingScript:Roman
OutlineFileName:\Arial-BoldMT.ttf
DataFormat:sfntData
FileLength:750984
FileModTime:1212227052
%EndFont

%BeginFont
Handler:DirectoryHandler
FontType:TrueType
FontName:ArialMT
FamilyName:Arial
StyleName:Regular
MenuName:Arial
StyleBits:0
WeightClass:400
WidthClass:5
AngleClass:0
FullName:Arial
WritingScript:Roman
OutlineFileName:\Arial.ttf
DataFormat:sfntData
FileLength:774476
FileModTime:1339840800
%EndFont

%BeginFont
Handler:DirectoryHandler
FontType:Invalid
OutlineFileName:\FrutigerLT-Bold
FileModTime:1314118938
%EndFont

%BeginFont
Handler:DirectoryHandler
FontType:Invalid
OutlineFileName:\FrutigerLT-Roman
FileModTime:1314118938
%EndFont

%BeginFont
Handler:DirectoryHandler
FontType:Invalid
OutlineFileName:\FrutiLTBol
FileModTime:1085601228
%EndFont

%BeginFont
Handler:DirectoryHandler
FontType:Invalid
OutlineFileName:\FrutiLTRom
FileModTime:1085601184
%EndFont

%BeginFont
Handler:DirectoryHandler
FontType:Type1
FontName:GothamRounded-Bold
FamilyName:Gotham Rounded
StyleName:Bold
MenuName:Gotham Rounded Bold
StyleBits:0
WeightClass:400
WidthClass:5
AngleClass:0
FullName:Gotham Rounded Bold
WritingScript:Roman
OutlineFileName:\GothamRounded-Bold.otf
DataFormat:sfntData
UsesStandardEncoding:yes
isCFF:yes
FileLength:133644
FileModTime:1219877900
%EndFont

%BeginFont
Handler:DirectoryHandler
FontType:Type1
FontName:GothamRounded-Book
FamilyName:Gotham Rounded
StyleName:Book
MenuName:Gotham Rounded Book
StyleBits:0
WeightClass:325
WidthClass:5
AngleClass:0
FullName:Gotham Rounded Book
WritingScript:Roman
OutlineFileName:\GothamRounded-Book.otf
DataFormat:sfntData
UsesStandardEncoding:yes
isCFF:yes
FileLength:136136
FileModTime:1219877906
%EndFont

%BeginFont
Handler:DirectoryHandler
FontType:Type1
FontName:GothamRounded-Light
FamilyName:Gotham Rounded
StyleName:Light
MenuName:Gotham Rounded Light
StyleBits:0
WeightClass:300
WidthClass:5
AngleClass:0
FullName:Gotham Rounded Light
WritingScript:Roman
OutlineFileName:\GothamRounded-Light.otf
DataFormat:sfntData
UsesStandardEncoding:yes
isCFF:yes
FileLength:131844
FileModTime:1219877912
%EndFont

%BeginFont
Handler:DirectoryHandler
FontType:Type1
FontName:GothamRounded-Medium
FamilyName:Gotham Rounded
StyleName:Medium
MenuName:Gotham Rounded Medium
StyleBits:0
WeightClass:350
WidthClass:5
AngleClass:0
FullName:Gotham Rounded Medium
WritingScript:Roman
OutlineFileName:\GothamRounded-Medium.otf
DataFormat:sfntData
UsesStandardEncoding:yes
isCFF:yes
FileLength:125676
FileModTime:1219877922
%EndFont

%BeginFont
Handler:DirectoryHandler
FontType:Invalid
OutlineFileName:\HelveNeuLig
FileModTime:867378162
%EndFont

%BeginFont
Handler:DirectoryHandler
FontType:Invalid
OutlineFileName:\HelveticaNeue-Light
FileModTime:1403276380
%EndFont

%BeginFont
Handler:DirectoryHandler
FontType:Type1
FontName:MinionPro-Regular
FamilyName:Minion Pro
StyleName:Regular
MenuName:Minion Pro
StyleBits:0
WeightClass:400
WidthClass:5
AngleClass:0
FullName:Minion Pro
WritingScript:Roman
OutlineFileName:\MinionPro-Regular.otf
DataFormat:sfntData
UsesStandardEncoding:yes
isCFF:yes
FileLength:217280
FileModTime:1382547310
DesignSize:110
%EndFont

%BeginFont
Handler:DirectoryHandler
FontType:TrueType
FontName:Times-Roman
FamilyName:Times
StyleName:Regular
MenuName:Times
StyleBits:0
WeightClass:400
WidthClass:5
AngleClass:0
FullName:Times Roman
WritingScript:Roman
OutlineFileName:\Times-Roman.dfont
DataFormat:sfntResource
ResourceID:13494
FileLength:442598
FileModTime:1394210672
%EndFont

%BeginFont
Handler:DirectoryHandler
FontType:Suitcase
FontName:Times-Roman
OutlineFileName:\Times-Roman.dfont
ResourceID:20
MacStyle:0
FileLength:442598
FileModTime:1394210672
%EndFont

